time     2.7s | loss  0.5002
time     3.3s | loss  0.5343
time     3.9s | loss  0.5401
time     4.5s | loss  0.4682
time     5.2s | loss  0.5229
time     5.8s | loss  0.4871
time     6.4s | loss  0.5230
time     7.0s | loss  0.4715
time     7.6s | loss  0.4535
time     8.2s | loss  0.5280
time     8.8s | loss  0.5524
time     9.4s | loss  0.5240
time    10.0s | loss  0.4911
time    10.6s | loss  0.5357
time    11.2s | loss  0.4644
time    11.8s | loss  0.4595
time    12.4s | loss  0.4742
time    13.0s | loss  0.4410
time    13.7s | loss  0.5013
time    14.3s | loss  0.4956
time    14.9s | loss  0.4870
time    15.5s | loss  0.4518
time    16.1s | loss  0.4397
time    16.7s | loss  0.4322
time    17.3s | loss  0.5516
time    17.9s | loss  0.4946
time    18.5s | loss  0.4751
time    19.1s | loss  0.5300
time    19.7s | loss  0.5147
time    20.3s | loss  0.4687
time    20.9s | loss  0.4821
time    21.6s | loss  0.5218
time    22.2s | loss  0.5134
time    22.8s | loss  0.5223
time    23.4s | loss  0.5269
time    24.0s | loss  0.5074
time    24.6s | loss  0.4450
time    25.2s | loss  0.4686
time    25.8s | loss  0.5389
time    26.4s | loss  0.4692
time    27.0s | loss  0.5303
time    27.6s | loss  0.4451
time    28.2s | loss  0.5466
time    28.9s | loss  0.4888
time    29.5s | loss  0.3890
time    30.1s | loss  0.5139
time    30.7s | loss  0.5020
time    31.3s | loss  0.4406
time    31.9s | loss  0.5328
time    32.5s | loss  0.4530
time    33.2s | loss  0.5786
time    33.8s | loss  0.4682
time    34.4s | loss  0.4439
time    35.0s | loss  0.5450
time    35.6s | loss  0.4134
time    36.2s | loss  0.5530
time    36.8s | loss  0.4684
time    37.5s | loss  0.5030
time    38.1s | loss  0.5017
time    38.7s | loss  0.5898
time    39.3s | loss  0.4292
time    39.9s | loss  0.5054
time    40.5s | loss  0.5238
time    41.1s | loss  0.4244
time    41.7s | loss  0.3519
time    42.3s | loss  0.4619
time    42.9s | loss  0.4499
time    43.5s | loss  0.5098
time    44.1s | loss  0.4603
time    44.7s | loss  0.4348
time    45.3s | loss  0.4346
time    45.9s | loss  0.4917
time    46.5s | loss  0.4623
time    47.1s | loss  0.6353
time    47.7s | loss  0.5073
time    48.3s | loss  0.4848
time    48.9s | loss  0.5573
time    49.5s | loss  0.4377
time    50.1s | loss  0.5016
time    50.7s | loss  0.3900
time    51.3s | loss  0.4542
time    51.9s | loss  0.4561
time    52.5s | loss  0.4392
time    53.1s | loss  0.4483
time    53.7s | loss  0.4606
time    54.3s | loss  0.4789
time    54.9s | loss  0.5438
time    55.5s | loss  0.4318
time    56.1s | loss  0.4953
time    56.7s | loss  0.4728
time    57.3s | loss  0.4986
time    57.9s | loss  0.4074
time    58.5s | loss  0.5240
time    59.1s | loss  0.4775
time    59.6s | loss  0.4988
time    60.2s | loss  0.4137
time    60.8s | loss  0.5588
time    61.4s | loss  0.4504
time    62.0s | loss  0.5411
time    62.6s | loss  0.4546
Final evaluation:
{'roc_auc': 0.9828885062419286, 'acc': 0.9298245614035088, 'balanced_acc': 0.9143887214808437}

============================= JOB FEEDBACK =============================

NodeName=uc2n561
Job ID: 5441045
Cluster: uc3
User/Group: fr_pp216/fr_fr
State: COMPLETED (exit code 0)
Nodes: 1
Cores per node: 24
CPU Utilized: 00:01:11
CPU Efficiency: 2.33% of 00:50:48 core-walltime
Job Wall-clock time: 00:02:07
Memory Utilized: 1.07 GB
Memory Efficiency: 1.16% of 91.80 GB (91.80 GB/node)
